// Jest Snapshot v1, https://goo.gl/fbAQLP

exports[`Given the RenderTranslator component when rendering a translator should render in the correct format 1`] = `
ShallowWrapper {
  Symbol(enzyme.__root__): [Circular],
  Symbol(enzyme.__unrendered__): <RenderTranslator
    buttonText="Translate To Number"
    label="Roman Numerals To Number"
    name="translator"
    onTranslate={[Function]}
    placeholder="translator"
    type="text"
  />,
  Symbol(enzyme.__renderer__): Object {
    "batchedUpdates": [Function],
    "checkPropTypes": [Function],
    "getNode": [Function],
    "render": [Function],
    "simulateError": [Function],
    "simulateEvent": [Function],
    "unmount": [Function],
  },
  Symbol(enzyme.__node__): Object {
    "instance": null,
    "key": undefined,
    "nodeType": "function",
    "props": Object {
      "children": Array [
        <Label
          for="translator"
          tag="label"
          widths={
            Array [
              "xs",
              "sm",
              "md",
              "lg",
              "xl",
            ]
          }
        >
          Roman Numerals To Number
        </Label>,
        <div>
          <div
            style={
              Object {
                "display": "inline-block",
                "paddingBottom": "12px",
                "paddingRight": "16px",
                "verticalAlign": "top",
                "width": "60%",
              }
            }
          >
            <Input
              aria-describedby="basic-addon2"
              aria-label="translator"
              name="translator"
              onChange={[Function]}
              placeholder="translator"
              type="text"
              value=""
            />
          </div>
          <button
            onClick={[Function]}
            style={
              Object {
                "backgroundColor": "#337ab7",
                "borderColor": "#2e6da4",
                "borderRadius": "4px",
                "color": "#fff",
                "display": "inline-block",
                "fontSize": "14px",
                "fontWeight": 400,
                "lineHeight": "1.42857143",
                "marginBottom": 0,
                "padding": "6px 12px",
                "textAlign": "center",
                "verticalAlign": "middle",
              }
            }
          >
            Translate To Number
          </button>
        </div>,
      ],
      "style": Object {
        "backgroundColor": "#e2f0c6",
        "borderRadius": "4px",
        "padding": "12px",
      },
      "tag": "div",
    },
    "ref": null,
    "rendered": Array [
      Object {
        "instance": null,
        "key": undefined,
        "nodeType": "function",
        "props": Object {
          "children": "Roman Numerals To Number",
          "for": "translator",
          "tag": "label",
          "widths": Array [
            "xs",
            "sm",
            "md",
            "lg",
            "xl",
          ],
        },
        "ref": null,
        "rendered": "Roman Numerals To Number",
        "type": [Function],
      },
      Object {
        "instance": null,
        "key": undefined,
        "nodeType": "host",
        "props": Object {
          "children": Array [
            <div
              style={
                Object {
                  "display": "inline-block",
                  "paddingBottom": "12px",
                  "paddingRight": "16px",
                  "verticalAlign": "top",
                  "width": "60%",
                }
              }
            >
              <Input
                aria-describedby="basic-addon2"
                aria-label="translator"
                name="translator"
                onChange={[Function]}
                placeholder="translator"
                type="text"
                value=""
              />
            </div>,
            <button
              onClick={[Function]}
              style={
                Object {
                  "backgroundColor": "#337ab7",
                  "borderColor": "#2e6da4",
                  "borderRadius": "4px",
                  "color": "#fff",
                  "display": "inline-block",
                  "fontSize": "14px",
                  "fontWeight": 400,
                  "lineHeight": "1.42857143",
                  "marginBottom": 0,
                  "padding": "6px 12px",
                  "textAlign": "center",
                  "verticalAlign": "middle",
                }
              }
            >
              Translate To Number
            </button>,
          ],
        },
        "ref": null,
        "rendered": Array [
          Object {
            "instance": null,
            "key": undefined,
            "nodeType": "host",
            "props": Object {
              "children": <Input
                aria-describedby="basic-addon2"
                aria-label="translator"
                name="translator"
                onChange={[Function]}
                placeholder="translator"
                type="text"
                value=""
              />,
              "style": Object {
                "display": "inline-block",
                "paddingBottom": "12px",
                "paddingRight": "16px",
                "verticalAlign": "top",
                "width": "60%",
              },
            },
            "ref": null,
            "rendered": Object {
              "instance": null,
              "key": undefined,
              "nodeType": "class",
              "props": Object {
                "aria-describedby": "basic-addon2",
                "aria-label": "translator",
                "name": "translator",
                "onChange": [Function],
                "placeholder": "translator",
                "type": "text",
                "value": "",
              },
              "ref": null,
              "rendered": null,
              "type": [Function],
            },
            "type": "div",
          },
          Object {
            "instance": null,
            "key": undefined,
            "nodeType": "host",
            "props": Object {
              "children": "Translate To Number",
              "onClick": [Function],
              "style": Object {
                "backgroundColor": "#337ab7",
                "borderColor": "#2e6da4",
                "borderRadius": "4px",
                "color": "#fff",
                "display": "inline-block",
                "fontSize": "14px",
                "fontWeight": 400,
                "lineHeight": "1.42857143",
                "marginBottom": 0,
                "padding": "6px 12px",
                "textAlign": "center",
                "verticalAlign": "middle",
              },
            },
            "ref": null,
            "rendered": "Translate To Number",
            "type": "button",
          },
        ],
        "type": "div",
      },
    ],
    "type": [Function],
  },
  Symbol(enzyme.__nodes__): Array [
    Object {
      "instance": null,
      "key": undefined,
      "nodeType": "function",
      "props": Object {
        "children": Array [
          <Label
            for="translator"
            tag="label"
            widths={
              Array [
                "xs",
                "sm",
                "md",
                "lg",
                "xl",
              ]
            }
          >
            Roman Numerals To Number
          </Label>,
          <div>
            <div
              style={
                Object {
                  "display": "inline-block",
                  "paddingBottom": "12px",
                  "paddingRight": "16px",
                  "verticalAlign": "top",
                  "width": "60%",
                }
              }
            >
              <Input
                aria-describedby="basic-addon2"
                aria-label="translator"
                name="translator"
                onChange={[Function]}
                placeholder="translator"
                type="text"
                value=""
              />
            </div>
            <button
              onClick={[Function]}
              style={
                Object {
                  "backgroundColor": "#337ab7",
                  "borderColor": "#2e6da4",
                  "borderRadius": "4px",
                  "color": "#fff",
                  "display": "inline-block",
                  "fontSize": "14px",
                  "fontWeight": 400,
                  "lineHeight": "1.42857143",
                  "marginBottom": 0,
                  "padding": "6px 12px",
                  "textAlign": "center",
                  "verticalAlign": "middle",
                }
              }
            >
              Translate To Number
            </button>
          </div>,
        ],
        "style": Object {
          "backgroundColor": "#e2f0c6",
          "borderRadius": "4px",
          "padding": "12px",
        },
        "tag": "div",
      },
      "ref": null,
      "rendered": Array [
        Object {
          "instance": null,
          "key": undefined,
          "nodeType": "function",
          "props": Object {
            "children": "Roman Numerals To Number",
            "for": "translator",
            "tag": "label",
            "widths": Array [
              "xs",
              "sm",
              "md",
              "lg",
              "xl",
            ],
          },
          "ref": null,
          "rendered": "Roman Numerals To Number",
          "type": [Function],
        },
        Object {
          "instance": null,
          "key": undefined,
          "nodeType": "host",
          "props": Object {
            "children": Array [
              <div
                style={
                  Object {
                    "display": "inline-block",
                    "paddingBottom": "12px",
                    "paddingRight": "16px",
                    "verticalAlign": "top",
                    "width": "60%",
                  }
                }
              >
                <Input
                  aria-describedby="basic-addon2"
                  aria-label="translator"
                  name="translator"
                  onChange={[Function]}
                  placeholder="translator"
                  type="text"
                  value=""
                />
              </div>,
              <button
                onClick={[Function]}
                style={
                  Object {
                    "backgroundColor": "#337ab7",
                    "borderColor": "#2e6da4",
                    "borderRadius": "4px",
                    "color": "#fff",
                    "display": "inline-block",
                    "fontSize": "14px",
                    "fontWeight": 400,
                    "lineHeight": "1.42857143",
                    "marginBottom": 0,
                    "padding": "6px 12px",
                    "textAlign": "center",
                    "verticalAlign": "middle",
                  }
                }
              >
                Translate To Number
              </button>,
            ],
          },
          "ref": null,
          "rendered": Array [
            Object {
              "instance": null,
              "key": undefined,
              "nodeType": "host",
              "props": Object {
                "children": <Input
                  aria-describedby="basic-addon2"
                  aria-label="translator"
                  name="translator"
                  onChange={[Function]}
                  placeholder="translator"
                  type="text"
                  value=""
                />,
                "style": Object {
                  "display": "inline-block",
                  "paddingBottom": "12px",
                  "paddingRight": "16px",
                  "verticalAlign": "top",
                  "width": "60%",
                },
              },
              "ref": null,
              "rendered": Object {
                "instance": null,
                "key": undefined,
                "nodeType": "class",
                "props": Object {
                  "aria-describedby": "basic-addon2",
                  "aria-label": "translator",
                  "name": "translator",
                  "onChange": [Function],
                  "placeholder": "translator",
                  "type": "text",
                  "value": "",
                },
                "ref": null,
                "rendered": null,
                "type": [Function],
              },
              "type": "div",
            },
            Object {
              "instance": null,
              "key": undefined,
              "nodeType": "host",
              "props": Object {
                "children": "Translate To Number",
                "onClick": [Function],
                "style": Object {
                  "backgroundColor": "#337ab7",
                  "borderColor": "#2e6da4",
                  "borderRadius": "4px",
                  "color": "#fff",
                  "display": "inline-block",
                  "fontSize": "14px",
                  "fontWeight": 400,
                  "lineHeight": "1.42857143",
                  "marginBottom": 0,
                  "padding": "6px 12px",
                  "textAlign": "center",
                  "verticalAlign": "middle",
                },
              },
              "ref": null,
              "rendered": "Translate To Number",
              "type": "button",
            },
          ],
          "type": "div",
        },
      ],
      "type": [Function],
    },
  ],
  Symbol(enzyme.__options__): Object {
    "adapter": ReactSixteenAdapter {
      "options": Object {
        "enableComponentDidUpdateOnSetState": true,
        "legacyContextMode": "parent",
        "lifecycles": Object {
          "componentDidUpdate": Object {
            "onSetState": true,
          },
          "getChildContext": Object {
            "calledByRenderer": false,
          },
          "getDerivedStateFromProps": true,
          "getSnapshotBeforeUpdate": true,
          "setState": Object {
            "skipsComponentDidUpdateOnNullish": true,
          },
        },
      },
    },
  },
}
`;
